2: Database error
3: Login error
